
> iron-circle@0.1.0 build
> next build

▲ Next.js 16.1.4 (Turbopack)
- Environments: .env.local

  Creating an optimized production build ...
✓ Compiled successfully in 2.4s
  Running TypeScript ...
  Collecting page data using 63 workers ...

> Build error occurred
Error: Page "/profile/[id]" is missing "generateStaticParams()" so it cannot be used with "output: export" config.
    at ignore-listed frames
